// Vitest Snapshot v1, https://vitest.dev/guide/snapshot.html

exports[`preset regression coverage > produces a stable resolved layer snapshot for Cosmic Plasma 1`] = `
[
  {
    "blendMode": "screen",
    "enabled": true,
    "id": "layer-plasma",
    "opacity": 0.95,
    "params": {
      "blendMode": "screen",
      "complexity": 0.5,
      "enabled": true,
      "opacity": 0.95,
      "scale": 1,
      "speed": 1,
      "transform": {
        "rotation": 0,
        "scale": 1,
        "x": 0,
        "y": 0,
      },
    },
  },
  {
    "blendMode": "add",
    "enabled": true,
    "id": "layer-spectrum",
    "opacity": 0.9,
    "params": {
      "blendMode": "add",
      "enabled": true,
      "opacity": 0.9,
      "transform": {
        "rotation": 0,
        "scale": 1,
        "x": 0,
        "y": 0,
      },
    },
  },
]
`;
