// Vitest Snapshot v1, https://vitest.dev/guide/snapshot.html

exports[`preset regression coverage > produces a stable resolved layer snapshot for Cosmic Plasma 1`] = `
[
  {
    "blendMode": "normal",
    "enabled": true,
    "id": "layer-plasma",
    "opacity": 1,
    "params": {
      "blendMode": "normal",
      "complexity": 0.7,
      "enabled": true,
      "opacity": 1,
      "scale": 1.2,
      "speed": 0.8,
      "transform": {
        "rotation": 0,
        "scale": 1.1,
        "x": 0,
        "y": 0,
      },
    },
  },
  {
    "blendMode": "add",
    "enabled": true,
    "id": "layer-spectrum",
    "opacity": 0.85,
    "params": {
      "blendMode": "add",
      "enabled": true,
      "opacity": 0.85,
      "transform": {
        "rotation": 0,
        "scale": 1,
        "x": 0,
        "y": 0,
      },
    },
  },
]
`;
